2026-08-21 21:29:18.363: [INFO] CurrentProfilePath: C:\Users\Administrator\Desktop\projetos\Concrestats(1)\source\webview_data\EBWebView\Default
2026-08-21 21:29:18.363: [INFO] Profiles total count: 1
2026-08-21 21:29:18.363: [INFO] Profile: name=Profile 1 path=C:\Users\Administrator\Desktop\projetos\Concrestats(1)\source\webview_data\EBWebView\Default lastActive=null
2026-08-21 21:29:18.363: [INFO] LastUsedProfileDir: C:\Users\Administrator\Desktop\projetos\Concrestats(1)\source\webview_data\EBWebView\Default
2026-08-21 21:29:18.363: [INFO] OnDoneLoading sync enabled: 0
2026-08-21 21:29:18.363: [INFO] BookmarkModelLoaded, ids_reassigned: 0
2026-08-21 21:29:18.363: [INFO] BookmarksLoadDropped droppedNodes=0
2026-08-21 21:29:18.363: [INFO] BookmarksSnapshot Startup total=0 bar=0 other=0 mobile=0 showBar=0 showBarNTP=1
2026-08-21 21:30:29.842: [INFO] CurrentProfilePath: C:\Users\Administrator\Desktop\projetos\Concrestats(1)\source\webview_data\EBWebView\Default
2026-08-21 21:30:29.842: [INFO] Profiles total count: 1
2026-08-21 21:30:29.842: [INFO] Profile: name=Profile 1 path=C:\Users\Administrator\Desktop\projetos\Concrestats(1)\source\webview_data\EBWebView\Default lastActive=2026-08-21T21:29:18.544Z
2026-08-21 21:30:29.842: [INFO] LastUsedProfileDir: C:\Users\Administrator\Desktop\projetos\Concrestats(1)\source\webview_data\EBWebView\Default
2026-08-21 21:30:29.842: [INFO] MostRecentlyActiveProfile: name=Profile 1 path=C:\Users\Administrator\Desktop\projetos\Concrestats(1)\source\webview_data\EBWebView\Default lastActive=2026-08-21T21:29:18.544Z
2026-08-21 21:30:29.842: [INFO] OnDoneLoading sync enabled: 0
2026-08-21 21:30:29.842: [INFO] BookmarkModelLoaded, ids_reassigned: 0
2026-08-21 21:30:29.842: [INFO] BookmarksLoadDropped droppedNodes=0
2026-08-21 21:30:29.842: [INFO] BookmarksSnapshot Startup total=0 bar=0 other=0 mobile=0 showBar=0 showBarNTP=1
2026-08-21 21:33:20.719: [INFO] CurrentProfilePath: C:\Users\Administrator\Desktop\projetos\Concrestats(1)\source\webview_data\EBWebView\Default
2026-08-21 21:33:20.719: [INFO] Profiles total count: 1
2026-08-21 21:33:20.719: [INFO] Profile: name=Profile 1 path=C:\Users\Administrator\Desktop\projetos\Concrestats(1)\source\webview_data\EBWebView\Default lastActive=2026-08-21T21:30:29.924Z
2026-08-21 21:33:20.719: [INFO] LastUsedProfileDir: C:\Users\Administrator\Desktop\projetos\Concrestats(1)\source\webview_data\EBWebView\Default
2026-08-21 21:33:20.719: [INFO] MostRecentlyActiveProfile: name=Profile 1 path=C:\Users\Administrator\Desktop\projetos\Concrestats(1)\source\webview_data\EBWebView\Default lastActive=2026-08-21T21:30:29.924Z
2026-08-21 21:33:20.719: [INFO] OnDoneLoading sync enabled: 0
2026-08-21 21:33:20.719: [INFO] BookmarkModelLoaded, ids_reassigned: 0
2026-08-21 21:33:20.719: [INFO] BookmarksLoadDropped droppedNodes=0
2026-08-21 21:33:20.719: [INFO] BookmarksSnapshot Startup total=0 bar=0 other=0 mobile=0 showBar=0 showBarNTP=1
2026-08-21 21:34:09.204: [INFO] BookmarksSnapshot Shutdown total=0 bar=0 other=0 mobile=0 showBar=0 showBarNTP=1
2026-08-21 21:35:21.932: [INFO] CurrentProfilePath: C:\Users\Administrator\Desktop\projetos\Concrestats(1)\source\webview_data\EBWebView\Default
2026-08-21 21:35:21.932: [INFO] Profiles total count: 1
2026-08-21 21:35:21.932: [INFO] Profile: name=Profile 1 path=C:\Users\Administrator\Desktop\projetos\Concrestats(1)\source\webview_data\EBWebView\Default lastActive=2026-08-21T21:33:20.802Z
2026-08-21 21:35:21.932: [INFO] LastUsedProfileDir: C:\Users\Administrator\Desktop\projetos\Concrestats(1)\source\webview_data\EBWebView\Default
2026-08-21 21:35:21.932: [INFO] MostRecentlyActiveProfile: name=Profile 1 path=C:\Users\Administrator\Desktop\projetos\Concrestats(1)\source\webview_data\EBWebView\Default lastActive=2026-08-21T21:33:20.802Z
2026-08-21 21:35:21.932: [INFO] OnDoneLoading sync enabled: 0
2026-08-21 21:35:21.932: [INFO] BookmarkModelLoaded, ids_reassigned: 0
2026-08-21 21:35:21.932: [INFO] BookmarksLoadDropped droppedNodes=0
2026-08-21 21:35:21.932: [INFO] BookmarksSnapshot Startup total=0 bar=0 other=0 mobile=0 showBar=0 showBarNTP=1
2026-08-21 21:37:48.957: [INFO] BookmarksSnapshot Shutdown total=0 bar=0 other=0 mobile=0 showBar=0 showBarNTP=1
2026-08-21 21:40:25.616: [INFO] CurrentProfilePath: C:\Users\Administrator\Desktop\projetos\Concrestats(1)\source\webview_data\EBWebView\Default
2026-08-21 21:40:25.616: [INFO] Profiles total count: 1
2026-08-21 21:40:25.616: [INFO] Profile: name=Profile 1 path=C:\Users\Administrator\Desktop\projetos\Concrestats(1)\source\webview_data\EBWebView\Default lastActive=2026-08-21T21:35:22.014Z
2026-08-21 21:40:25.617: [INFO] LastUsedProfileDir: C:\Users\Administrator\Desktop\projetos\Concrestats(1)\source\webview_data\EBWebView\Default
2026-08-21 21:40:25.617: [INFO] MostRecentlyActiveProfile: name=Profile 1 path=C:\Users\Administrator\Desktop\projetos\Concrestats(1)\source\webview_data\EBWebView\Default lastActive=2026-08-21T21:35:22.014Z
2026-08-21 21:40:25.617: [INFO] OnDoneLoading sync enabled: 0
2026-08-21 21:40:25.617: [INFO] BookmarkModelLoaded, ids_reassigned: 0
2026-08-21 21:40:25.617: [INFO] BookmarksLoadDropped droppedNodes=0
2026-08-21 21:40:25.617: [INFO] BookmarksSnapshot Startup total=0 bar=0 other=0 mobile=0 showBar=0 showBarNTP=1
2026-08-21 21:48:20.467: [INFO] CurrentProfilePath: C:\Users\Administrator\Desktop\projetos\Concrestats(1)\source\webview_data\EBWebView\Default
2026-08-21 21:48:20.467: [INFO] Profiles total count: 1
2026-08-21 21:48:20.467: [INFO] Profile: name=Profile 1 path=C:\Users\Administrator\Desktop\projetos\Concrestats(1)\source\webview_data\EBWebView\Default lastActive=2026-08-21T21:40:25.692Z
2026-08-21 21:48:20.467: [INFO] LastUsedProfileDir: C:\Users\Administrator\Desktop\projetos\Concrestats(1)\source\webview_data\EBWebView\Default
2026-08-21 21:48:20.467: [INFO] MostRecentlyActiveProfile: name=Profile 1 path=C:\Users\Administrator\Desktop\projetos\Concrestats(1)\source\webview_data\EBWebView\Default lastActive=2026-08-21T21:40:25.692Z
2026-08-21 21:48:20.467: [INFO] OnDoneLoading sync enabled: 0
2026-08-21 21:48:20.468: [INFO] BookmarkModelLoaded, ids_reassigned: 0
2026-08-21 21:48:20.468: [INFO] BookmarksLoadDropped droppedNodes=0
2026-08-21 21:48:20.468: [INFO] BookmarksSnapshot Startup total=0 bar=0 other=0 mobile=0 showBar=0 showBarNTP=1
2026-08-21 21:53:32.557: [INFO] CurrentProfilePath: C:\Users\Administrator\Desktop\projetos\Concrestats(1)\source\webview_data\EBWebView\Default
2026-08-21 21:53:32.557: [INFO] Profiles total count: 1
2026-08-21 21:53:32.557: [INFO] Profile: name=Profile 1 path=C:\Users\Administrator\Desktop\projetos\Concrestats(1)\source\webview_data\EBWebView\Default lastActive=2026-08-21T21:48:20.564Z
2026-08-21 21:53:32.557: [INFO] LastUsedProfileDir: C:\Users\Administrator\Desktop\projetos\Concrestats(1)\source\webview_data\EBWebView\Default
2026-08-21 21:53:32.557: [INFO] MostRecentlyActiveProfile: name=Profile 1 path=C:\Users\Administrator\Desktop\projetos\Concrestats(1)\source\webview_data\EBWebView\Default lastActive=2026-08-21T21:48:20.564Z
2026-08-21 21:53:32.557: [INFO] OnDoneLoading sync enabled: 0
2026-08-21 21:53:32.557: [INFO] BookmarkModelLoaded, ids_reassigned: 0
2026-08-21 21:53:32.557: [INFO] BookmarksLoadDropped droppedNodes=0
2026-08-21 21:53:32.557: [INFO] BookmarksSnapshot Startup total=0 bar=0 other=0 mobile=0 showBar=0 showBarNTP=1
